// Jest Snapshot v1, https://goo.gl/fbAQLP

exports[`Pruebas <GifItem/> it should match with the snapshot 1`] = `
<div>
  <div
    class="card"
  >
    <img
      alt="GetItem title"
      src="http://www.test-git-item.com/"
    />
    <p>
      GetItem title
    </p>
  </div>
</div>
`;
